
> foundators@1.0.0 dev
> next dev -H 0.0.0.0 -p 3000

   ▲ Next.js 15.3.3
   - Local:        http://localhost:3000
   - Network:      http://0.0.0.0:3000

 ✓ Starting...
 ⚠ Found lockfile missing swc dependencies, patching...
 ✓ Ready in 70.8s
 ⚠ Lockfile was successfully patched, please run "npm install" to ensure @next/swc dependencies are downloaded
 ○ Compiling / ...
 ✓ Compiled / in 103.4s (882 modules)
 GET / 200 in 92806ms
 ⚠ Cross origin request detected from 192.168.1.106 to /_next/* resource. In a future major version of Next.js, you will need to explicitly configure "allowedDevOrigins" in next.config to allow this.
Read more: https://nextjs.org/docs/app/api-reference/config/next-config-js/allowedDevOrigins
 ○ Compiling /_error ...
 ✓ Compiled /login in 25.1s (1198 modules)
 ✓ Compiled in 4.1s (623 modules)
 GET /login/ 200 in 10342ms
 GET / 200 in 17458ms
 ⨯ A conflicting public file and page file was found for path /icon.svg https://nextjs.org/docs/messages/conflicting-public-file-page
 GET /icon.svg?307455f84638ce53 500 in 35742ms
 GET /login/ 200 in 2705ms
 GET /login/ 200 in 57ms
 GET /login/ 200 in 55ms
 GET /login/ 200 in 109ms
 GET /login/ 200 in 26ms
 GET /login/ 200 in 27ms
 GET /login/ 200 in 39ms
 GET /login/ 200 in 24ms
 GET /login/ 200 in 66ms
 GET /login/ 200 in 34ms
 GET /login/ 200 in 86ms
 GET /login/ 200 in 37ms
 GET /login/ 200 in 40ms
 ⨯ A conflicting public file and page file was found for path /icon.svg https://nextjs.org/docs/messages/conflicting-public-file-page
 GET /icon.svg?307455f84638ce53 500 in 274ms
 ⨯ A conflicting public file and page file was found for path /icon.svg https://nextjs.org/docs/messages/conflicting-public-file-page
 GET /icon.svg?307455f84638ce53 500 in 335ms
 ○ Compiling /_not-found ...
 ✓ Compiled /_not-found in 699ms (1215 modules)
 GET /icon-192.png 404 in 1123ms
 GET /icon-512.png 404 in 160ms
 ○ Compiling /home ...
 ✓ Compiled /home in 2.1s (1267 modules)
 GET /home/ 200 in 2310ms
 ⨯ A conflicting public file and page file was found for path /icon.svg https://nextjs.org/docs/messages/conflicting-public-file-page
 GET /icon.svg?307455f84638ce53 500 in 342ms
 ○ Compiling /match ...
 ✓ Compiled /match in 1439ms (1281 modules)
 GET /match/ 200 in 1619ms
 ⨯ A conflicting public file and page file was found for path /icon.svg https://nextjs.org/docs/messages/conflicting-public-file-page
 GET /icon.svg?307455f84638ce53 500 in 326ms
 ○ Compiling /match/[intent] ...
 ✓ Compiled /match/[intent] in 1082ms (1296 modules)
 GET /match/find_programmer/ 200 in 14421ms
 GET /match/find_programmer/ 200 in 100ms
 ⨯ A conflicting public file and page file was found for path /icon.svg https://nextjs.org/docs/messages/conflicting-public-file-page
 GET /icon.svg?307455f84638ce53 500 in 256ms
 ⨯ A conflicting public file and page file was found for path /icon.svg https://nextjs.org/docs/messages/conflicting-public-file-page
 GET /icon.svg?307455f84638ce53 500 in 261ms
 ⨯ A conflicting public file and page file was found for path /icon.svg https://nextjs.org/docs/messages/conflicting-public-file-page
 GET /icon.svg?307455f84638ce53 500 in 281ms
 ○ Compiling /discover ...
 ✓ Compiled /discover in 1669ms (1312 modules)
 GET /discover/ 200 in 1858ms
 ⨯ A conflicting public file and page file was found for path /icon.svg https://nextjs.org/docs/messages/conflicting-public-file-page
 GET /icon.svg?307455f84638ce53 500 in 309ms
 GET /home/ 200 in 69ms
 ⨯ A conflicting public file and page file was found for path /icon.svg https://nextjs.org/docs/messages/conflicting-public-file-page
 GET /icon.svg?307455f84638ce53 500 in 281ms
 GET /match/ 200 in 63ms
 ⨯ A conflicting public file and page file was found for path /icon.svg https://nextjs.org/docs/messages/conflicting-public-file-page
 GET /icon.svg?307455f84638ce53 500 in 289ms
 GET /match/start_business/ 200 in 74ms
 ⨯ A conflicting public file and page file was found for path /icon.svg https://nextjs.org/docs/messages/conflicting-public-file-page
 GET /icon.svg?307455f84638ce53 500 in 235ms
 ⨯ A conflicting public file and page file was found for path /icon.svg https://nextjs.org/docs/messages/conflicting-public-file-page
 GET /icon.svg?307455f84638ce53 500 in 229ms
 GET /match/find_programmer/ 200 in 44ms
 ⨯ A conflicting public file and page file was found for path /icon.svg https://nextjs.org/docs/messages/conflicting-public-file-page
 GET /icon.svg?307455f84638ce53 500 in 258ms
 ⨯ A conflicting public file and page file was found for path /icon.svg https://nextjs.org/docs/messages/conflicting-public-file-page
 GET /icon.svg?307455f84638ce53 500 in 256ms
 GET /match/find_funding/ 200 in 70ms
 ⨯ A conflicting public file and page file was found for path /icon.svg https://nextjs.org/docs/messages/conflicting-public-file-page
 GET /icon.svg?307455f84638ce53 500 in 243ms
 ⨯ A conflicting public file and page file was found for path /icon.svg https://nextjs.org/docs/messages/conflicting-public-file-page
 GET /icon.svg?307455f84638ce53 500 in 229ms
 ⨯ A conflicting public file and page file was found for path /icon.svg https://nextjs.org/docs/messages/conflicting-public-file-page
 GET /icon.svg?307455f84638ce53 500 in 267ms
 ○ Compiling /notifications ...
 ✓ Compiled /notifications in 1422ms (1328 modules)
 GET /notifications/ 200 in 1816ms
 GET /notifications/ 200 in 66ms
 ⨯ A conflicting public file and page file was found for path /icon.svg https://nextjs.org/docs/messages/conflicting-public-file-page
 GET /icon.svg?307455f84638ce53 500 in 297ms
 ⨯ A conflicting public file and page file was found for path /icon.svg https://nextjs.org/docs/messages/conflicting-public-file-page
 GET /icon.svg?307455f84638ce53 500 in 287ms
 ○ Compiling /projects ...
 ✓ Compiled /projects in 1065ms (1338 modules)
 GET /projects/ 200 in 1370ms
 GET /discover/ 200 in 50ms
 ⨯ A conflicting public file and page file was found for path /icon.svg https://nextjs.org/docs/messages/conflicting-public-file-page
 GET /icon.svg?307455f84638ce53 500 in 319ms
 ○ Compiling /messages ...
 ✓ Compiled /messages in 3.1s (1360 modules)
 GET /messages/ 200 in 3450ms
 GET /messages/ 200 in 44ms
 ⨯ A conflicting public file and page file was found for path /icon.svg https://nextjs.org/docs/messages/conflicting-public-file-page
 GET /icon.svg?307455f84638ce53 500 in 336ms
 ⨯ A conflicting public file and page file was found for path /icon.svg https://nextjs.org/docs/messages/conflicting-public-file-page
 GET /icon.svg?307455f84638ce53 500 in 284ms
 ⨯ A conflicting public file and page file was found for path /icon.svg https://nextjs.org/docs/messages/conflicting-public-file-page
 GET /icon.svg?307455f84638ce53 500 in 312ms
 ⨯ A conflicting public file and page file was found for path /icon.svg https://nextjs.org/docs/messages/conflicting-public-file-page
 GET /icon.svg?307455f84638ce53 500 in 283ms
 ⨯ A conflicting public file and page file was found for path /icon.svg https://nextjs.org/docs/messages/conflicting-public-file-page
 GET /icon.svg?307455f84638ce53 500 in 254ms
 ⨯ A conflicting public file and page file was found for path /icon.svg https://nextjs.org/docs/messages/conflicting-public-file-page
 GET /icon.svg?307455f84638ce53 500 in 265ms
 ⨯ A conflicting public file and page file was found for path /icon.svg https://nextjs.org/docs/messages/conflicting-public-file-page
 GET / 200 in 321ms
 ⨯ A conflicting public file and page file was found for path /icon.svg https://nextjs.org/docs/messages/conflicting-public-file-page
 GET /icon.svg?307455f84638ce53 500 in 268ms
 GET /login/ 200 in 164ms
 ⨯ A conflicting public file and page file was found for path /icon.svg https://nextjs.org/docs/messages/conflicting-public-file-page
 GET /icon.svg?307455f84638ce53 500 in 293ms
 ⨯ A conflicting public file and page file was found for path /icon.svg https://nextjs.org/docs/messages/conflicting-public-file-page
 GET /icon.svg?307455f84638ce53 500 in 275ms
 GET /home/ 200 in 212ms
 ⨯ A conflicting public file and page file was found for path /icon.svg https://nextjs.org/docs/messages/conflicting-public-file-page
 GET /icon.svg?307455f84638ce53 500 in 279ms
 ⨯ A conflicting public file and page file was found for path /icon.svg https://nextjs.org/docs/messages/conflicting-public-file-page
 GET /icon.svg?307455f84638ce53 500 in 285ms
 GET /match/ 200 in 91ms
 ⨯ A conflicting public file and page file was found for path /icon.svg https://nextjs.org/docs/messages/conflicting-public-file-page
 GET /icon.svg?307455f84638ce53 500 in 256ms
 ⨯ A conflicting public file and page file was found for path /icon.svg https://nextjs.org/docs/messages/conflicting-public-file-page
 GET /icon.svg?307455f84638ce53 500 in 265ms
 ⨯ A conflicting public file and page file was found for path /icon.svg https://nextjs.org/docs/messages/conflicting-public-file-page
 GET /icon.svg?307455f84638ce53 500 in 241ms
 ⨯ A conflicting public file and page file was found for path /icon.svg https://nextjs.org/docs/messages/conflicting-public-file-page
 GET /icon.svg?307455f84638ce53 500 in 270ms
 GET /match/ 200 in 28ms
 ⨯ A conflicting public file and page file was found for path /icon.svg https://nextjs.org/docs/messages/conflicting-public-file-page
 GET /icon.svg?307455f84638ce53 500 in 295ms
 ⨯ A conflicting public file and page file was found for path /icon.svg https://nextjs.org/docs/messages/conflicting-public-file-page
 GET /icon.svg?307455f84638ce53 500 in 294ms
 GET /match/start_business/ 200 in 112ms
 ⨯ A conflicting public file and page file was found for path /icon.svg https://nextjs.org/docs/messages/conflicting-public-file-page
 GET /icon.svg?307455f84638ce53 500 in 316ms
 ⨯ A conflicting public file and page file was found for path /icon.svg https://nextjs.org/docs/messages/conflicting-public-file-page
 GET /icon.svg?307455f84638ce53 500 in 253ms
 ⨯ A conflicting public file and page file was found for path /icon.svg https://nextjs.org/docs/messages/conflicting-public-file-page
 GET /icon.svg?307455f84638ce53 500 in 284ms
 ⨯ A conflicting public file and page file was found for path /icon.svg https://nextjs.org/docs/messages/conflicting-public-file-page
 GET /icon.svg?307455f84638ce53 500 in 264ms
 GET /match/find_programmer/ 200 in 31ms
 ⨯ A conflicting public file and page file was found for path /icon.svg https://nextjs.org/docs/messages/conflicting-public-file-page
 GET /icon.svg?307455f84638ce53 500 in 280ms
 ⨯ A conflicting public file and page file was found for path /icon.svg https://nextjs.org/docs/messages/conflicting-public-file-page
 GET /icon.svg?307455f84638ce53 500 in 255ms
 ⨯ A conflicting public file and page file was found for path /icon.svg https://nextjs.org/docs/messages/conflicting-public-file-page
 GET /icon.svg?307455f84638ce53 500 in 249ms
 ⨯ A conflicting public file and page file was found for path /icon.svg https://nextjs.org/docs/messages/conflicting-public-file-page
 GET /icon.svg?307455f84638ce53 500 in 249ms
 ⨯ A conflicting public file and page file was found for path /icon.svg https://nextjs.org/docs/messages/conflicting-public-file-page
 GET /icon.svg?307455f84638ce53 500 in 240ms
 ⨯ A conflicting public file and page file was found for path /icon.svg https://nextjs.org/docs/messages/conflicting-public-file-page
 GET /icon.svg?307455f84638ce53 500 in 241ms
 GET /notifications/ 200 in 264ms
 ⨯ A conflicting public file and page file was found for path /icon.svg https://nextjs.org/docs/messages/conflicting-public-file-page
 GET /icon.svg?307455f84638ce53 500 in 255ms
 ⨯ A conflicting public file and page file was found for path /icon.svg https://nextjs.org/docs/messages/conflicting-public-file-page
 GET /icon.svg?307455f84638ce53 500 in 252ms
 ⨯ A conflicting public file and page file was found for path /icon.svg https://nextjs.org/docs/messages/conflicting-public-file-page
 GET /icon.svg?307455f84638ce53 500 in 254ms
 ⨯ A conflicting public file and page file was found for path /icon.svg https://nextjs.org/docs/messages/conflicting-public-file-page
 GET /icon.svg?307455f84638ce53 500 in 254ms
 GET /discover/ 200 in 154ms
 ⨯ A conflicting public file and page file was found for path /icon.svg https://nextjs.org/docs/messages/conflicting-public-file-page
 GET /icon.svg?307455f84638ce53 500 in 259ms
 ⨯ A conflicting public file and page file was found for path /icon.svg https://nextjs.org/docs/messages/conflicting-public-file-page
 GET /icon.svg?307455f84638ce53 500 in 276ms
 GET /messages/ 200 in 64ms
 ⨯ A conflicting public file and page file was found for path /icon.svg https://nextjs.org/docs/messages/conflicting-public-file-page
 GET /icon.svg?307455f84638ce53 500 in 281ms
 ⨯ A conflicting public file and page file was found for path /icon.svg https://nextjs.org/docs/messages/conflicting-public-file-page
 GET /icon.svg?307455f84638ce53 500 in 283ms
 ○ Compiling /profile ...
 ✓ Compiled /profile in 1904ms (1387 modules)
 GET /profile/ 200 in 2284ms
 GET /profile/ 200 in 27ms
 ⨯ A conflicting public file and page file was found for path /icon.svg https://nextjs.org/docs/messages/conflicting-public-file-page
 GET /icon.svg?307455f84638ce53 500 in 314ms
 ⨯ A conflicting public file and page file was found for path /icon.svg https://nextjs.org/docs/messages/conflicting-public-file-page
 GET /icon.svg?307455f84638ce53 500 in 284ms
 GET /home/ 200 in 62ms
 ⨯ A conflicting public file and page file was found for path /icon.svg https://nextjs.org/docs/messages/conflicting-public-file-page
 GET /icon.svg?307455f84638ce53 500 in 282ms
 ⨯ A conflicting public file and page file was found for path /icon.svg https://nextjs.org/docs/messages/conflicting-public-file-page
 GET /icon.svg?307455f84638ce53 500 in 267ms
 GET /home/ 200 in 30ms
 ○ Compiling /help ...
 ✓ Compiled /help in 2.6s (1399 modules)
 GET /login/ 200 in 1399ms
 GET /help/ 200 in 2854ms
 GET /login/ 200 in 37ms
 ⨯ A conflicting public file and page file was found for path /icon.svg https://nextjs.org/docs/messages/conflicting-public-file-page
 GET /icon.svg?307455f84638ce53 500 in 274ms
 ⨯ A conflicting public file and page file was found for path /icon.svg https://nextjs.org/docs/messages/conflicting-public-file-page
 GET /icon.svg?307455f84638ce53 500 in 265ms
 GET /login/ 200 in 32ms
 ⨯ A conflicting public file and page file was found for path /icon.svg https://nextjs.org/docs/messages/conflicting-public-file-page
 GET /icon.svg?307455f84638ce53 500 in 237ms
 ⨯ A conflicting public file and page file was found for path /icon.svg https://nextjs.org/docs/messages/conflicting-public-file-page
 GET /icon.svg?307455f84638ce53 500 in 283ms
 ⨯ A conflicting public file and page file was found for path /icon.svg https://nextjs.org/docs/messages/conflicting-public-file-page
 GET /icon.svg?307455f84638ce53 500 in 256ms
 GET /login/ 200 in 73ms
 ⨯ A conflicting public file and page file was found for path /icon.svg https://nextjs.org/docs/messages/conflicting-public-file-page
 GET /icon.svg?307455f84638ce53 500 in 268ms
 ⨯ A conflicting public file and page file was found for path /icon.svg https://nextjs.org/docs/messages/conflicting-public-file-page
 GET /icon.svg?307455f84638ce53 500 in 254ms
 GET /login/ 200 in 62ms
 GET /login/ 200 in 52ms
 ⨯ A conflicting public file and page file was found for path /icon.svg https://nextjs.org/docs/messages/conflicting-public-file-page
 GET /icon.svg?307455f84638ce53 500 in 267ms
 ⨯ A conflicting public file and page file was found for path /icon.svg https://nextjs.org/docs/messages/conflicting-public-file-page
 GET /icon.svg?307455f84638ce53 500 in 283ms
 ⨯ A conflicting public file and page file was found for path /icon.svg https://nextjs.org/docs/messages/conflicting-public-file-page
 GET /icon.svg?307455f84638ce53 500 in 257ms
 GET /login/ 200 in 184ms
 ⨯ A conflicting public file and page file was found for path /icon.svg https://nextjs.org/docs/messages/conflicting-public-file-page
 GET /icon.svg?307455f84638ce53 500 in 290ms
 GET / 200 in 140ms
 ⨯ A conflicting public file and page file was found for path /icon.svg https://nextjs.org/docs/messages/conflicting-public-file-page
 GET /icon.svg?307455f84638ce53 500 in 284ms
 GET /login/ 200 in 57ms
 ⨯ A conflicting public file and page file was found for path /icon.svg https://nextjs.org/docs/messages/conflicting-public-file-page
 GET /icon.svg?307455f84638ce53 500 in 282ms
 ⨯ A conflicting public file and page file was found for path /icon.svg https://nextjs.org/docs/messages/conflicting-public-file-page
 GET /icon.svg?307455f84638ce53 500 in 274ms
 ⨯ A conflicting public file and page file was found for path /icon.svg https://nextjs.org/docs/messages/conflicting-public-file-page
 GET /icon.svg?307455f84638ce53 500 in 234ms
 GET /messages/ 200 in 162ms
 GET /login/ 200 in 58ms
 ⨯ A conflicting public file and page file was found for path /icon.svg https://nextjs.org/docs/messages/conflicting-public-file-page
 GET /icon.svg?307455f84638ce53 500 in 247ms
 ⨯ A conflicting public file and page file was found for path /icon.svg https://nextjs.org/docs/messages/conflicting-public-file-page
 GET /icon.svg?307455f84638ce53 500 in 283ms
 GET / 200 in 135ms
 ⨯ A conflicting public file and page file was found for path /icon.svg https://nextjs.org/docs/messages/conflicting-public-file-page
 ⨯ A conflicting public file and page file was found for path /icon.svg https://nextjs.org/docs/messages/conflicting-public-file-page
 GET /icon.svg?307455f84638ce53 500 in 273ms
 ⚠ Found a change in next.config.js. Restarting the server to apply the changes...
   ▲ Next.js 15.3.3
   - Local:        http://localhost:3000
   - Network:      http://0.0.0.0:3000

 ✓ Starting...
 ✓ Ready in 32s
 ○ Compiling / ...
 ✓ Compiled / in 26.9s (864 modules)
 GET / 200 in 21799ms
 ○ Compiling /login ...
 ✓ Compiled /login in 1940ms (891 modules)
 GET / 200 in 187ms
 ⚠ Blocked cross-origin request from 192.168.1.106 to /_next/* resource. To allow this, configure "allowedDevOrigins" in next.config
Read more: https://nextjs.org/docs/app/api-reference/config/next-config-js/allowedDevOrigins
 ○ Compiling /icon.svg ...
 ✓ Compiled /icon.svg in 9.3s (517 modules)
 GET /icon.svg?307455f84638ce53 200 in 10751ms
 GET /login/ 200 in 7985ms
 GET /login/ 200 in 36ms
 GET /login/ 200 in 25ms
 GET /login/ 200 in 32ms
 GET /login/ 200 in 33ms
 GET /login/ 200 in 35ms
 GET /login/ 200 in 33ms
 GET /login/ 200 in 26ms
 ○ Compiling /home ...
 ✓ Compiled /home in 968ms (962 modules)
 GET /home/ 200 in 1150ms
 ○ Compiling /match/[intent] ...
 ✓ Compiled /match/[intent] in 750ms (964 modules)
 ○ Compiling /discover ...
 ✓ Compiled /discover in 1108ms (980 modules)
 GET /discover/ 200 in 1388ms
 ○ Compiling /match ...
 ✓ Compiled /match in 1161ms (993 modules)
 GET /match/ 200 in 1436ms
 GET /home/ 200 in 76ms
 GET /match/find_cofounder/ 200 in 13225ms
 GET / 200 in 39278ms
 GET /icon.svg?307455f84638ce53 200 in 1977ms
 GET / 200 in 3970ms
 GET /icon.svg?307455f84638ce53 200 in 317ms
 GET /login/ 200 in 1110ms
 GET /icon.svg?307455f84638ce53 200 in 29ms
 GET /home/ 200 in 416ms
 GET /icon.svg?307455f84638ce53 200 in 19ms
 GET /match/ 200 in 348ms
 GET /icon.svg?307455f84638ce53 200 in 55ms
 GET /icon.svg?307455f84638ce53 200 in 41ms
 GET /match/find_cofounder/ 200 in 2465ms
 ○ Compiling /projects ...
 ✓ Compiled /notifications in 46.5s (1043 modules)
 GET /notifications/ 200 in 73417ms
 GET /projects/ 200 in 81270ms
 GET /match/ 200 in 64382ms
 GET /home/ 200 in 70452ms
 GET /opportunities/ 200 in 74256ms
 GET /discover/ 200 in 74254ms
 GET / 200 in 588ms
 GET /icon.svg?307455f84638ce53 200 in 60ms
 GET /home/ 200 in 35ms
 GET /icon.svg?307455f84638ce53 200 in 13ms
 GET /match/ 200 in 96ms
 GET /icon.svg?307455f84638ce53 200 in 26ms
 GET /icon.svg?307455f84638ce53 200 in 20ms
 GET /projects/ 200 in 72ms
 GET /icon.svg?307455f84638ce53 200 in 12ms
 GET /home/ 200 in 41ms
 GET /icon.svg?307455f84638ce53 200 in 30ms
 GET /projects/ 200 in 41ms
 GET /icon.svg?307455f84638ce53 200 in 13ms
 GET /home/ 200 in 89ms
 GET /icon.svg?307455f84638ce53 200 in 29ms
 GET /match/ 200 in 44ms
 GET /icon.svg?307455f84638ce53 200 in 144ms
 GET /icon.svg?307455f84638ce53 200 in 18ms
 GET /projects/ 200 in 748ms
 GET /projects/ 200 in 27ms
 GET /icon.svg?307455f84638ce53 200 in 78ms
 GET /home/ 200 in 34ms
 GET /icon.svg?307455f84638ce53 200 in 13ms
 GET /projects/ 200 in 51ms
 GET /icon.svg?307455f84638ce53 200 in 46ms
 GET /home/ 200 in 33ms
 GET /icon.svg?307455f84638ce53 200 in 23ms
 ○ Compiling /create ...
 ✓ Compiled /create in 2.6s (1019 modules)
 GET /create/ 200 in 2821ms
 GET /discover/ 200 in 1677ms
 GET /discover/ 200 in 35ms
 GET /discover/ 200 in 27ms
 GET /icon.svg?307455f84638ce53 200 in 27ms
 ○ Compiling /messages ...
 ✓ Compiled /messages in 2.1s (1026 modules)
 GET /messages/ 200 in 2909ms
 GET /messages/ 200 in 40ms
 GET /messages/ 200 in 27ms
 GET /messages/ 200 in 39ms
 GET /icon.svg?307455f84638ce53 200 in 38ms
 GET /discover/ 200 in 80ms
 GET /icon.svg?307455f84638ce53 200 in 297ms
 GET /messages/ 200 in 44ms
 GET /icon.svg?307455f84638ce53 200 in 26ms
 GET /messages/ 200 in 38ms
 ○ Compiling /profile ...
 ✓ Compiled /profile in 2.1s (1052 modules)
 GET /profile/ 200 in 2664ms
 GET /profile/ 200 in 34ms
 GET /icon.svg?307455f84638ce53 200 in 27ms
 ○ Compiling /post/[postId] ...
 ✓ Compiled /post/[postId] in 2.9s (1071 modules)
 GET /post/kabir_onboarding/ 200 in 4900ms
 ⚠ Found a change in next.config.js. Restarting the server to apply the changes...
   ▲ Next.js 15.3.3
   - Local:        http://localhost:3000
   - Network:      http://0.0.0.0:3000

 ✓ Starting...
 ✓ Ready in 42.5s
 ○ Compiling / ...
 ✓ Compiled / in 43s (864 modules)
 GET / 200 in 45914ms
 ✓ Compiled in 10.7s (378 modules)
 ✓ Compiled in 17.1s (378 modules)
 ✓ Compiled in 4.4s (378 modules)
 ✓ Compiled in 5.1s (378 modules)
 ○ Compiling / ...
 ✓ Compiled / in 1632ms (486 modules)
 GET / 200 in 6332ms
 ⚠ Blocked cross-origin request from 192.168.1.106 to /_next/* resource. To allow this, configure "allowedDevOrigins" in next.config
Read more: https://nextjs.org/docs/app/api-reference/config/next-config-js/allowedDevOrigins
 GET / 200 in 112ms
 ○ Compiling /home ...
 ✓ Compiled /home in 7.3s (915 modules)
 GET /home/ 200 in 7738ms
 ○ Compiling /login ...
 ✓ Compiled /login in 3.3s (932 modules)
 GET /login/ 200 in 3602ms
 GET /home/ 200 in 2989ms
 GET /home/ 200 in 35ms
 GET /home/ 200 in 32ms
 GET /home/ 200 in 35ms
 GET /home/ 200 in 43ms
 GET /home/ 200 in 29ms
 GET /home/ 200 in 26ms
 ○ Compiling /programmers ...
 ✓ Compiled /programmers in 2.2s (953 modules)
 GET /programmers/ 200 in 2409ms
 ○ Compiling /projects ...
 ✓ Compiled /projects in 815ms (966 modules)
 GET /projects/ 200 in 1022ms
 GET /projects/ 200 in 39ms
 GET /projects/ 200 in 35ms
 GET /projects/ 200 in 22ms
 GET /home/ 200 in 43ms
 GET /projects/ 200 in 27ms
 GET /home/ 200 in 27ms
 ○ Compiling /match ...
 ✓ Compiled /match in 933ms (974 modules)
 GET /match/ 200 in 1085ms
 GET /match/ 200 in 61ms
 ○ Compiling /events ...
 ✓ Compiled /events in 1341ms (985 modules)
 GET /events/ 200 in 1446ms
 GET /events/ 200 in 28ms
 GET /programmers/ 200 in 31ms
 GET /projects/ 200 in 32ms
 GET /home/ 200 in 50ms
 GET /projects/ 200 in 43ms
 GET /home/ 200 in 34ms
 ○ Compiling /match/[intent] ...
 ✓ Compiled /match/[intent] in 945ms (1000 modules)
 ○ Compiling /opportunities ...
 ✓ Compiled /opportunities in 1530ms (1011 modules)
 GET /opportunities/ 200 in 1709ms
 GET /opportunities/ 200 in 24ms
 GET /opportunities/ 200 in 29ms
 GET /events/ 200 in 50ms
 GET /projects/ 200 in 34ms
 GET /home/ 200 in 47ms
 GET /opportunities/ 200 in 41ms
 GET /programmers/ 200 in 33ms
 ○ Compiling /messages ...
 ✓ Compiled /messages in 1870ms (1026 modules)
 GET /messages/ 200 in 2087ms
 GET /messages/ 200 in 34ms
 GET /messages/ 200 in 34ms
 GET /messages/ 200 in 42ms
 GET /messages/ 200 in 46ms
 GET /match/find_cofounder/ 200 in 17147ms
 GET /match/find_cofounder/ 200 in 131ms
 GET /home/ 200 in 52ms
 ○ Compiling /discover ...
 ✓ Compiled /discover in 1561ms (1036 modules)
 GET /discover/ 200 in 3017ms
 GET /discover/ 200 in 239ms
 GET /messages/ 200 in 39ms
 ○ Compiling /profile ...
 ✓ Compiled /profile in 1739ms (1064 modules)
 GET /profile/ 200 in 1892ms
 GET /profile/ 200 in 67ms
 GET /home/ 200 in 40ms
 GET /home/ 200 in 42ms
 ○ Compiling / ...
 ✓ Compiled / in 768ms (613 modules)
 GET / 200 in 1374ms
 GET /home/ 200 in 47ms
 GET / 200 in 125ms
 GET /home/ 200 in 136ms
 GET / 200 in 114ms
 GET / 200 in 160ms
 GET / 200 in 215ms
 GET /home/ 200 in 153ms
 GET / 200 in 200ms
 GET / 200 in 285ms
 GET / 200 in 112ms
 GET / 200 in 105ms
 GET / 200 in 93ms
 GET / 200 in 95ms
 GET / 200 in 100ms
 GET / 200 in 97ms
 ○ Compiling /login ...
 ✓ Compiled /login in 551ms (531 modules)
 GET /login/ 200 in 732ms
 ✓ Compiled in 9.8s (474 modules)
 ✓ Compiled in 1454ms (474 modules)
 ✓ Compiled / in 429ms (486 modules)
 GET / 200 in 2551ms
 GET / 200 in 111ms
 GET / 200 in 114ms
 GET / 200 in 130ms
 GET / 200 in 125ms
 GET / 200 in 124ms
 ○ Compiling /home ...
 ✓ Compiled /home in 909ms (521 modules)
 GET /home/ 200 in 1231ms
 ○ Compiling /match ...
 ✓ Compiled /match in 1205ms (530 modules)
 GET /match/ 200 in 1549ms
 GET /match/ 200 in 32ms
 GET /match/ 200 in 22ms
 ✓ Compiled /projects in 320ms (538 modules)
 GET /projects/ 200 in 483ms
 GET /projects/ 200 in 26ms
 GET /home/ 200 in 38ms
 ○ Compiling /opportunities ...
 ✓ Compiled /opportunities in 741ms (547 modules)
 GET /opportunities/ 200 in 1022ms
 GET /home/ 200 in 49ms
 ○ Compiling /notifications ...
 ✓ Compiled /notifications in 1145ms (1020 modules)
 GET /notifications/ 200 in 1485ms
 ○ Compiling /create ...
 ✓ Compiled /create in 1193ms (1020 modules)
 GET /create/ 200 in 1545ms
 GET /home/ 200 in 48ms
 ✓ Compiled / in 470ms (549 modules)
 GET / 200 in 816ms
 GET /home/ 200 in 48ms
 ✓ Compiled /match in 414ms (546 modules)
 GET /match/ 200 in 755ms
 ✓ Compiled /programmers in 451ms (546 modules)
 GET /programmers/ 200 in 844ms
 ✓ Compiled /messages in 410ms (561 modules)
 GET /messages/ 200 in 635ms
 ○ Compiling /messages/[chatId] ...
 ✓ Compiled /messages/[chatId] in 4.6s (1056 modules)
 GET /home/ 200 in 2935ms
 GET /home/ 200 in 29ms
 ✓ Compiled /discover in 442ms (575 modules)
 GET /discover/ 200 in 1867ms
 GET /messages/sophia/ 200 in 15308ms
 GET / 200 in 2467ms
 GET /home/ 200 in 434ms
 GET /match/ 200 in 181ms
 GET /discover/ 200 in 82ms
 GET /home/ 200 in 37ms
 GET /discover/ 200 in 34ms
 ○ Compiling /profile ...
 ✓ Compiled /profile in 1860ms (562 modules)
 GET /profile/ 200 in 16216ms
 GET /home/ 200 in 128ms
 GET /match/ 200 in 129ms
 GET /profile/ 200 in 128ms
 ○ Compiling /messages ...
 ✓ Compiled /messages in 593ms (575 modules)
 GET /profile/ 200 in 1669ms
 GET /home/ 200 in 1686ms
 GET /messages/ 200 in 1801ms
 GET /discover/ 200 in 575ms
 GET /profile/ 200 in 181ms
 GET /home/ 200 in 190ms
 GET /messages/ 200 in 150ms
 GET /discover/ 200 in 150ms
 GET /profile/ 200 in 138ms
 GET /home/ 200 in 136ms
 GET /messages/ 200 in 142ms
 GET /profile/ 200 in 131ms
 GET /home/ 200 in 127ms
 GET /messages/ 200 in 108ms
 GET /profile/ 200 in 107ms
 GET /home/ 200 in 80ms
 GET /messages/ 200 in 78ms
 GET /profile/ 200 in 75ms
 GET /home/ 200 in 70ms
 GET /profile/ 200 in 53ms
 GET /home/ 200 in 50ms
 GET /profile/ 200 in 545ms
 GET /profile/ 200 in 30ms
 ○ Compiling /programmers ...
 ✓ Compiled /programmers in 533ms (583 modules)
 GET /programmers/ 200 in 1267ms
 GET /profile/ 200 in 1192ms
 GET /programmers/ 200 in 22ms
 GET / 200 in 149ms
 GET /home/ 200 in 35ms
 GET /match/ 200 in 103ms
 ○ Compiling /match/[intent] ...
 ✓ Compiled /match/[intent] in 1374ms (593 modules)
 GET /match/start_business/ 200 in 1615ms
 GET /match/start_business/ 200 in 25ms
 ○ Compiling /projects ...
 ✓ Compiled /projects in 1115ms (600 modules)
 GET /projects/ 200 in 1450ms
 GET /projects/ 200 in 32ms
 GET /home/ 200 in 56ms
 GET /discover/ 200 in 37ms
 GET /messages/ 200 in 35ms
 ○ Compiling /messages/[chatId] ...
 ✓ Compiled /messages/[chatId] in 613ms (613 modules)
 GET /messages/sophia/ 200 in 987ms
 GET /messages/sophia/ 200 in 30ms
 GET /messages/ 200 in 36ms
 GET /messages/daniel/ 200 in 96ms
 GET /messages/ 200 in 37ms
 GET /messages/community/ 200 in 46ms
 GET /messages/ 200 in 26ms
 ⨯ [Error: Page "/messages/[chatId]/page" is missing param "/messages/contact_1788203987497_004zab8" in "generateStaticParams()", which is required with "output: export" config.] {
  page: '/messages/contact_1788203987497_004zab8'
}
 ○ Compiling /_error ...
 ✓ Compiled /_error in 29.8s (1384 modules)
 ⨯ [Error: Page "/messages/[chatId]/page" is missing param "/messages/contact_1788203987497_004zab8" in "generateStaticParams()", which is required with "output: export" config.] {
  page: '/messages/contact_1788203987497_004zab8'
}
 ⨯ [Error: Page "/messages/[chatId]/page" is missing param "/messages/contact_1788203987497_004zab8" in "generateStaticParams()", which is required with "output: export" config.] {
  page: '/messages/contact_1788203987497_004zab8'
}
 ⨯ [Error: Page "/messages/[chatId]/page" is missing param "/messages/contact_1788203987497_004zab8" in "generateStaticParams()", which is required with "output: export" config.] {
  page: '/messages/contact_1788203987497_004zab8'
}
 ⨯ [Error: Page "/messages/[chatId]/page" is missing param "/messages/contact_1788203987497_004zab8" in "generateStaticParams()", which is required with "output: export" config.] {
  page: '/messages/contact_1788203987497_004zab8'
}
 ⨯ [Error: Page "/messages/[chatId]/page" is missing param "/messages/contact_1788204008912_uj2mfib" in "generateStaticParams()", which is required with "output: export" config.] {
  page: '/messages/contact_1788204008912_uj2mfib'
}
 GET /messages/contact_1788203987497_004zab8/ 500 in 48005ms
 GET /messages/contact_1788203987497_004zab8/ 500 in 25096ms
 GET /messages/contact_1788203987497_004zab8/ 500 in 24601ms
 GET /messages/contact_1788203987497_004zab8/ 500 in 26221ms
 GET /messages/contact_1788203987497_004zab8/ 500 in 25646ms
 GET /messages/contact_1788204008912_uj2mfib/ 500 in 26544ms
 GET /messages/ 200 in 341ms
 ✓ Compiled / in 386ms (621 modules)
 GET / 200 in 1024ms
 ✓ Compiled /login in 484ms (631 modules)
 GET /login/ 200 in 782ms
 GET /login/ 200 in 22ms
 ✓ Compiled /home in 382ms (650 modules)
 GET /home/ 200 in 857ms
 ✓ Compiled in 35281.7s (789 modules)
 ✓ Compiled in 403.4s (735 modules)
 ✓ Compiled in 33s (736 modules)
 ✓ Compiled in 23.7s (736 modules)
 ✓ Compiled in 3.1s (736 modules)
 ✓ Compiled in 4.2s (736 modules)
 ✓ Compiled in 3.8s (736 modules)
 ✓ Compiled in 1917ms (737 modules)
 ✓ Compiled in 1265ms (737 modules)
